
PROGRAM "Test_Motor.abs"

*********************************************************************************************
TARGET SECTION
---------------------------------------------------------------------------------------------
Processor   : Freescale HC08
Memory Model: SMALL
File Format : ELF\DWARF 2.0
Linker      : SmartLinker V-5.0.50 Build 13087, Mar 29 2013

*********************************************************************************************
FILE SECTION
---------------------------------------------------------------------------------------------
main_asm.obj                            Model: SMALL,         Lang: Assembler

*********************************************************************************************
STARTUP SECTION
---------------------------------------------------------------------------------------------
Entry point: 0x1960 (_Startup)

*********************************************************************************************
SECTION-ALLOCATION SECTION
Section Name                    Size  Type     From       To       Segment
---------------------------------------------------------------------------------------------
.init                            296     R     0x1960     0x1A87   ROM
DATEN_STACK                       96   R/W      0x100      0x15F   RAM
.stack                           128   R/W      0x160      0x1DF   RAM
.vectSeg0_vect                     2     R     0xFFFE     0xFFFF   .vectSeg0

Summary of section sizes per section type:
READ_ONLY (R):         12A (dec:      298)
READ_WRITE (R/W):       E0 (dec:      224)

*********************************************************************************************
VECTOR-ALLOCATION SECTION
    Address     InitValue   InitFunction
---------------------------------------------------------------------------------------------
     0xFFFE        0x1960   _Startup

*********************************************************************************************
OBJECT-ALLOCATION SECTION
     Name               Module                 Addr   hSize   dSize     Ref    Section   RLIB
---------------------------------------------------------------------------------------------
MODULE:                 -- main_asm.obj --
- PROCEDURES:
     _Startup                                  1960       9       9       0   .init       
     main                                      1969      48      72       0   .init       
     Joystick                                  19B1      20      32       1   .init       
     Joystickend                               19D1       4       4       6   .init       
     Upjmp                                     19D5       6       6       0   .init       
     Downjmp                                   19DB       6       6       0   .init       
     Rightjmp                                  19E1       6       6       0   .init       
     Leftjmp                                   19E7       6       6       0   .init       
     Pushjmp                                   19ED       6       6       0   .init       
     Stopjmp                                   19F3       6       6       0   .init       
     Up                                        19F9      19      25       1   .init       
     Down                                      1A12      19      25       1   .init       
     Right                                     1A2B      19      25       1   .init       
     Left                                      1A44      19      25       1   .init       
     Push                                      1A5D      19      25       1   .init       
     Stop                                      1A76       F      15       1   .init       
     dummy                                     1A85       3       3       0   .init       
- VARIABLES:
     TofStack                                   100      5F      95       0   DATEN_STACK 
     BofStack                                   15F       1       1       1   DATEN_STACK 

*********************************************************************************************
MODULE STATISTIC
  Name                                      Data   Code  Const
---------------------------------------------------------------------------------------------
  main_asm.obj                                96    296      0
  other                                      128      2      0

*********************************************************************************************
SECTION USE IN OBJECT-ALLOCATION SECTION
---------------------------------------------------------------------------------------------
SECTION: ".init"
  _Startup main Joystick Joystickend Upjmp Downjmp Rightjmp Leftjmp Pushjmp 
  Stopjmp Up Down Right Left Push Stop dummy 
SECTION: "DATEN_STACK"
  TofStack BofStack 

*********************************************************************************************
OBJECT LIST SORTED BY ADDRESS
     Name                                      Addr   hSize   dSize     Ref    Section   RLIB
---------------------------------------------------------------------------------------------
     TofStack                                   100      5F      95       0   DATEN_STACK 
     BofStack                                   15F       1       1       1   DATEN_STACK 
     _Startup                                  1960       9       9       0   .init       
     main                                      1969      48      72       0   .init       
     Joystick                                  19B1      20      32       1   .init       
     Joystickend                               19D1       4       4       6   .init       
     Upjmp                                     19D5       6       6       0   .init       
     Downjmp                                   19DB       6       6       0   .init       
     Rightjmp                                  19E1       6       6       0   .init       
     Leftjmp                                   19E7       6       6       0   .init       
     Pushjmp                                   19ED       6       6       0   .init       
     Stopjmp                                   19F3       6       6       0   .init       
     Up                                        19F9      19      25       1   .init       
     Down                                      1A12      19      25       1   .init       
     Right                                     1A2B      19      25       1   .init       
     Left                                      1A44      19      25       1   .init       
     Push                                      1A5D      19      25       1   .init       
     Stop                                      1A76       F      15       1   .init       
     dummy                                     1A85       3       3       0   .init       

*********************************************************************************************
UNUSED-OBJECTS SECTION
---------------------------------------------------------------------------------------------
NOT USED VARIABLES
main_asm.obj:
  Variable1 Array1 Maske1 Parameter1 Parameter2 Reserve_Par STRING1 

*********************************************************************************************
COPYDOWN SECTION
---------------------------------------------------------------------------------------------

*********************************************************************************************
OBJECT-DEPENDENCIES SECTION
---------------------------------------------------------------------------------------------
_Startup                  USES BofStack 
Joystickend               USES Joystick 
Upjmp                     USES Up Joystickend 
Downjmp                   USES Down Joystickend 
Rightjmp                  USES Right Joystickend 
Leftjmp                   USES Left Joystickend 
Pushjmp                   USES Push Joystickend 
Stopjmp                   USES Stop Joystickend 

*********************************************************************************************
DEPENDENCY TREE
*********************************************************************************************
 main and _Startup Group
 | 
 +- main                
 |    
 +- _Startup            
      
*********************************************************************************************
STATISTIC SECTION
---------------------------------------------------------------------------------------------

ExeFile:
--------
Number of blocks to be downloaded: 2
Total size of all blocks to be downloaded: 298

